2026-03-22 10:15:33 - --------- SYSTEM INFORMATION REPORT ---------
2026-03-22 10:15:33 - ------------------------------------------------------------
2026-03-22 10:15:33 - System Information
2026-03-22 10:15:33 - ------------------------------------------------------------
2026-03-22 10:15:33 - Hostname: ip-172-31-42-78
NAME="Ubuntu"
VERSION="24.04.3 LTS (Noble Numbat)"
2026-03-22 10:15:33 - ------------------------------------------------------------
2026-03-22 10:15:33 - System Uptime
2026-03-22 10:15:33 - ------------------------------------------------------------
 10:15:33 up  2:16,  4 users,  load average: 0.00, 0.00, 0.00
2026-03-22 10:15:33 - ------------------------------------------------------------
2026-03-22 10:15:33 - Disk Usage
2026-03-22 10:15:33 - ------------------------------------------------------------
Filesystem       Size  Used Avail Use% Mounted on
/dev/root         19G  4.5G   14G  25% /
tmpfs            456M     0  456M   0% /dev/shm
tmpfs            183M  964K  182M   1% /run
tmpfs            5.0M     0  5.0M   0% /run/lock
efivarfs         128K  4.4K  119K   4% /sys/firmware/efi/efivars
/dev/nvme0n1p16  881M  162M  657M  20% /boot
/dev/nvme0n1p15  105M  6.2M   99M   6% /boot/efi
tmpfs             92M   12K   92M   1% /run/user/1000
2026-03-22 10:15:33 - ------------------------------------------------------------
2026-03-22 10:15:33 - Memory Usage
2026-03-22 10:15:33 - ------------------------------------------------------------
               total        used        free      shared  buff/cache   available
Mem:           911Mi       492Mi        88Mi       2.8Mi       535Mi       419Mi
Swap:             0B          0B          0B
2026-03-22 10:15:33 - ------------------------------------------------------------
2026-03-22 10:15:33 - Top CPU Processes
2026-03-22 10:15:33 - ------------------------------------------------------------
    PID COMMAND         %CPU %MEM
   8905 get_system_info 16.6  0.3
   7257 sshd             0.1  0.7
   5712 sshd             0.0  0.7
    571 snapd            0.0  2.1
    644 containerd       0.0  2.8
2026-03-22 10:15:33 - ---------REPORT COMPLETE ---------
